src/app/(main)/dashboard/admin/page.tsx(84,30): error TS2322: Type 'any[] | undefined' is not assignable to type 'any[]'.
  Type 'undefined' is not assignable to type 'any[]'.
